---
source: puck_liveview/src/html/mod.rs
expression: output

---
Element {
    id: [
        0,
    ],
    name: "div",
    attributes: {},
    listeners: [],
    children: [],
    text: None,
    key: None,
}
