---
source: puck_liveview/src/dom/element/diff/test.rs
expression: c

---
Changeset {
    ops: [
        Op {
            id: "0-",
            instruction: SetText {
                value: "the mat sat on the cat",
            },
        },
    ],
}
