---
source: puck_liveview/src/dom/element/diff/test.rs
expression: cs

---
Changeset {
    ops: [
        Op {
            id: "0-",
            instruction: SetTagName {
                name: "p",
            },
        },
    ],
}
